[INFO] Scanning for projects...
[INFO] 
[INFO] -----------------------< eu.gricom.basic:BASIC >------------------------
[INFO] Building BASIC 0.1.1
[INFO]   from pom.xml
[INFO] --------------------------------[ jar ]---------------------------------
[INFO] 
[INFO] --- clean:3.2.0:clean (default-clean) @ BASIC ---
[INFO] Deleting /Users/andreas/Projects/Sources/Java/GD-BASIC/target
[INFO] 
[INFO] --- resources:3.3.1:resources (default-resources) @ BASIC ---
[INFO] Copying 42 resources from src to target/classes
[INFO] 
[INFO] --- compiler:3.7.0:compile (default-compile) @ BASIC ---
[INFO] Changes detected - recompiling the module!
[INFO] Compiling 137 source files to /Users/andreas/Projects/Sources/Java/GD-BASIC/target/classes
[INFO] ------------------------------------------------------------------------
[INFO] BUILD FAILURE
[INFO] ------------------------------------------------------------------------
[INFO] Total time:  1.869 s
[INFO] Finished at: 2026-05-24T22:41:48+02:00
[INFO] ------------------------------------------------------------------------
[ERROR] Failed to execute goal org.apache.maven.plugins:maven-compiler-plugin:3.7.0:compile (default-compile) on project BASIC: Fatal error compiling: error: invalid target release: 21 -> [Help 1]
[ERROR] 
[ERROR] To see the full stack trace of the errors, re-run Maven with the -e switch.
[ERROR] Re-run Maven using the -X switch to enable full debug logging.
[ERROR] 
[ERROR] For more information about the errors and possible solutions, please read the following articles:
[ERROR] [Help 1] http://cwiki.apache.org/confluence/display/MAVEN/MojoExecutionException
